// Jest Snapshot v1, https://goo.gl/fbAQLP

exports[`icon icon render successful 1`] = `
<span>
  <svg
    className="wheel-icon"
  >
    <use
      xlinkHref="#wechat"
    />
  </svg>
</span>
`;
